<?xml version='1.0' encoding="UTF-8"?><!--
  ~ Copyright (c) 2023 Geo-Studios and/or its affiliates. All rights reserved.
  ~ DO NOT ALTER OR REMOVE COPYRIGHT NOTICES OR THIS FILE HEADER.
  ~
  ~ This code is free software; you can redistribute it and/or modify it under
  ~ the terms of the GNU General Public License version 2 only, as published
  ~ by the Free Software Foundation. Geo-Studios designates this particular
  ~ file as subject to the "Classpath" exception as provided
  ~ by Geo-Studio in the LICENSE file that accompanied this code.
  ~
  ~ This code is distributed in the hope that it will be useful, but WITHOUT
  ~ ANY WARRANTY; without even the implied warranty of
  ~ MERCHANTABILITY or FITNESS FOR A PARTICULAR PURPOSE. See the
  ~ GNU General Public License version 2 for more details (a copy is
  ~ included in the LICENSE file that accompanied this code).
  ~
  ~ You should have received a copy of the GNU General Public License
  ~ version 2 along with this work; if not, write to the Free Software
  ~ Foundation, Inc., 51 Franklin St, Fifth Floor, Boston, MA 02110-1301 USA.
  -->

<document xmlns:xi="http://www.w3.org/2001/XInclude">
	<p>The following is the source of the &quot;data.xml&quot; resource:</p>
	<example><tasks xml:base="tasks.xml">
    <task id="task1" >
        <owner>John doe</owner>
        <startdate>10/02/2003</startdate>
        <enddate>11/02/2003</enddate>
        <description>This is task 1</description>
    </task>
    <task id="task2" >
        <owner>Jane Doe</owner>
        <startdate>10/02/2003</startdate>
        <enddate>11/02/2003</enddate>
        <description>This is task 2</description>
    </task>    
</tasks></example>
</document>

